{
  "version": "1.5.0",
  "plugins_used": [
    {
      "name": "ArtifactoryDetector"
    },
    {
      "name": "AWSKeyDetector"
    },
    {
      "name": "AzureStorageKeyDetector"
    },
    {
      "name": "Base64HighEntropyString",
      "limit": 4.5
    },
    {
      "name": "BasicAuthDetector"
    },
    {
      "name": "CloudantDetector"
    },
    {
      "name": "DiscordBotTokenDetector"
    },
    {
      "name": "GitHubTokenDetector"
    },
    {
      "name": "GitLabTokenDetector"
    },
    {
      "name": "HexHighEntropyString",
      "limit": 3.0
    },
    {
      "name": "IbmCloudIamDetector"
    },
    {
      "name": "IbmCosHmacDetector"
    },
    {
      "name": "IPPublicDetector"
    },
    {
      "name": "JwtTokenDetector"
    },
    {
      "name": "KeywordDetector",
      "keyword_exclude": ""
    },
    {
      "name": "MailchimpDetector"
    },
    {
      "name": "NpmDetector"
    },
    {
      "name": "OpenAIDetector"
    },
    {
      "name": "PrivateKeyDetector"
    },
    {
      "name": "PypiTokenDetector"
    },
    {
      "name": "SendGridDetector"
    },
    {
      "name": "SlackDetector"
    },
    {
      "name": "SoftlayerDetector"
    },
    {
      "name": "SquareOAuthDetector"
    },
    {
      "name": "StripeDetector"
    },
    {
      "name": "TelegramBotTokenDetector"
    },
    {
      "name": "TwilioKeyDetector"
    }
  ],
  "filters_used": [
    {
      "path": "detect_secrets.filters.allowlist.is_line_allowlisted"
    },
    {
      "path": "detect_secrets.filters.common.is_baseline_file",
      "filename": ".secrets.baseline"
    },
    {
      "path": "detect_secrets.filters.common.is_ignored_due_to_verification_policies",
      "min_level": 2
    },
    {
      "path": "detect_secrets.filters.heuristic.is_indirect_reference"
    },
    {
      "path": "detect_secrets.filters.heuristic.is_likely_id_string"
    },
    {
      "path": "detect_secrets.filters.heuristic.is_lock_file"
    },
    {
      "path": "detect_secrets.filters.heuristic.is_not_alphanumeric_string"
    },
    {
      "path": "detect_secrets.filters.heuristic.is_potential_uuid"
    },
    {
      "path": "detect_secrets.filters.heuristic.is_prefixed_with_dollar_sign"
    },
    {
      "path": "detect_secrets.filters.heuristic.is_sequential_string"
    },
    {
      "path": "detect_secrets.filters.heuristic.is_swagger_file"
    },
    {
      "path": "detect_secrets.filters.heuristic.is_templated_secret"
    }
  ],
  "results": {
    "src\\Services\\EmailService.py": [
      {
        "type": "Secret Keyword",
        "filename": "src\\Services\\EmailService.py",
        "hashed_secret": "132178e561b04146bd0cbd8aa455e0accba68206",
        "is_verified": false,
        "line_number": 26,
        "is_secret": true
      }
    ],
    "tests\\Unittests\\User\\test_session_validation.py": [
      {
        "type": "Secret Keyword",
        "filename": "tests\\Unittests\\User\\test_session_validation.py",
        "hashed_secret": "296b367b78e8b6989e8755d7456c1c7412d64c18",
        "is_verified": false,
        "line_number": 33,
        "is_secret": false
      }
    ],
    "tests\\Unittests\\User\\test_user_application_service.py": [
      {
        "type": "Secret Keyword",
        "filename": "tests\\Unittests\\User\\test_user_application_service.py",
        "hashed_secret": "296b367b78e8b6989e8755d7456c1c7412d64c18",
        "is_verified": false,
        "line_number": 30,
        "is_secret": false
      },
      {
        "type": "Secret Keyword",
        "filename": "tests\\Unittests\\User\\test_user_application_service.py",
        "hashed_secret": "cbfdac6008f9cab4083784cbd1874f76618d2a97",
        "is_verified": false,
        "line_number": 66,
        "is_secret": false
      },
      {
        "type": "Secret Keyword",
        "filename": "tests\\Unittests\\User\\test_user_application_service.py",
        "hashed_secret": "210e512dbc80618b9dbc068ce9d6cb01fe11c295",
        "is_verified": false,
        "line_number": 74,
        "is_secret": false
      },
      {
        "type": "Secret Keyword",
        "filename": "tests\\Unittests\\User\\test_user_application_service.py",
        "hashed_secret": "d8ecf7db8fc9ec9c31bc5c9ae2929cc599c75f8d",
        "is_verified": false,
        "line_number": 125,
        "is_secret": false
      },
      {
        "type": "Secret Keyword",
        "filename": "tests\\Unittests\\User\\test_user_application_service.py",
        "hashed_secret": "97c52fbf20b318e260619e5109c1397054c1af1e",
        "is_verified": false,
        "line_number": 189,
        "is_secret": false
      },
      {
        "type": "Secret Keyword",
        "filename": "tests\\Unittests\\User\\test_user_application_service.py",
        "hashed_secret": "fd96d3a984e13e462d9e8e220869be2d0ef96a1b",
        "is_verified": false,
        "line_number": 212,
        "is_secret": false
      }
    ]
  },
  "generated_at": "2025-11-23T03:42:01Z"
}
